[🚀] Iniciando Daemon de Auditoría Recurrente (Frecuencia: Cada 6 Horas)...

=======================================================
⏰ [CICLO HORARIO INICIADO] - 2026-10-03 10:33:11
=======================================================
[1/3] Auditando mensajes, menciones y respuestas de mantenedores...
[2/3] Buscando nuevas oportunidades en Algora, Bountycaster y GitHub...
==========================================================
🛰️ [RADAR MULTI-PLATAFORMA] Escaneando Algora, Bountycaster y GitHub...
==========================================================
[!] Error escaneando query [is:issue is:open label:bo]: HTTP Error 403: Forbidden
[!] Error escaneando query [is:issue is:open "algora.]: HTTP Error 403: Forbidden
[!] Error escaneando query [is:issue is:open "bountyc]: HTTP Error 403: Forbidden
[!] Error escaneando query [is:issue is:open "collabo]: HTTP Error 403: Forbidden
[!] Error escaneando query [is:issue is:open label:"h]: HTTP Error 403: Forbidden
[+] Total Oportunidades 100% Gratuitas y Verificadas: 0
[+] Resultados guardados en: /Users/Administrador/Documents/Genesis_Autonomo_Bounties/outputs/deliverables/multi_platform_radar_latest.json
[3/4] Auditando comandos de registro en bots (/agent-bounty register, /claim)...
[4/4] Sincronizando dataset en dashboard/data.json...
[+] dashboard/data.json actualizado: En Revisión GitHub: $52622.1 USDC | En Wallet MetaMask: $0.0 USDC
✅ [CICLO DE AUDITORÍA COMPLETADO] - Próxima ejecución en 6 horas.
